time	contentC	contentB	contentA
0.0	0	150	150
1.0	77	270	263
2.0	161	279	266
3.0	184	279	266
4.0	187	279	266
5.0	188	279	266
6.0	188	279	266
7.0	188	279	266
8.0	188	279	266
9.0	188	279	266
