time	contentC	contentB	contentA
0.0	100	0	0
1.0	100	164	121
2.0	100	258	211
3.0	100	299	230
4.0	100	314	252
5.0	100	324	261
6.0	100	328	271
7.0	100	331	275
8.0	100	332	275
9.0	100	332	275
