time	contentX
0.0		530
36000.0		655
72000.0		665
108000.0		666
144000.0		666
180000.0		666
216000.0		666
252000.0		666
288000.0		666
324000.0		666
