time	contentA
0.0		13
1800.0		30
3600.0		30
5400.0		30
7200.0		30
9000.0		30
10800.0		30
12600.0		30
14400.0		30
16200.0		30
18000.0		30
19800.0		30
21600.0		30
23400.0		30
25200.0		30
27000.0		30
28800.0		30
30600.0		30
