time	contentX	contentY
0.0		20		20
3600.0		41		37
7200.0		53		44
10800.0		59		50
14400.0		61		55
18000.0		62		59
21600.0		63		62
25200.0		64		64
28800.0		65		66
32400.0		66		67
