time	content_mult_x_ic	content_mult_y_ic
0.0		5		0
3600.0		27		21
7200.0		46		55
10800.0		62		76
14400.0		72		93
18000.0		79		96
21600.0		80		96
25200.0		80		96
28800.0		80		96
