time	content_mult_y_lt	content_mult_x_lt
0.0		0		20
7200.0		54		80
14400.0		79		98
21600.0		94		100
28800.0		100		100
