time	content_mult_x_lt
1.0		20
5400.0		50
10800.0		75
