time	content_mult_x_ic
1.0		5
3600.0		23
7200.0		50
10800.0		71
